// Jest Snapshot v1, https://goo.gl/fbAQLP

exports[`Plant Item it renders / snapshot test 1`] = `
<View
  accessible={true}
  focusable={true}
  onClick={[Function]}
  onResponderGrant={[Function]}
  onResponderMove={[Function]}
  onResponderRelease={[Function]}
  onResponderTerminate={[Function]}
  onResponderTerminationRequest={[Function]}
  onStartShouldSetResponder={[Function]}
  style={
    Object {
      "opacity": 1,
    }
  }
>
  <View
    style={
      Array [
        Object {
          "alignItems": "center",
          "alignSelf": "center",
          "backgroundColor": "rgba(255, 254, 254, 0.8)",
          "marginTop": 30,
          "padding": 20,
          "width": "80%",
        },
        Object {
          "borderRadius": 5,
        },
        Object {
          "elevation": 15,
          "shadowColor": "#000",
          "shadowOffset": Object {
            "height": 7,
            "width": 0,
          },
          "shadowOpacity": 0.43,
          "shadowRadius": 9.51,
        },
      ]
    }
  >
    <Text
      style={
        Object {
          "alignSelf": "center",
          "fontSize": 24,
          "paddingBottom": 20,
        }
      }
    >
      Test Title
    </Text>
    <Image
      source={
        Object {
          "uri": undefined,
        }
      }
      style={
        Array [
          Object {
            "height": 200,
            "width": 250,
          },
          Object {
            "borderRadius": 5,
          },
        ]
      }
      testID="PlantItem.Image"
    />
  </View>
</View>
`;
