// Jest Snapshot v1, https://goo.gl/fbAQLP

exports[`PlantInfo Page PlantInfo Page does render 1`] = `undefined`;
